
**** 02/22/26 17:38:13 **** PSpice 23.1.0 (30 January 2024) *** ID# 0 ********

 ** Profile: "SCHEMATIC1-dc-bias"  [ c:\users\colton koop\desktop\simulations\output-buffer\output-buffer-PSpiceFiles\SCHEMATIC1\dc-b


 ****     CIRCUIT DESCRIPTION


******************************************************************************




** Creating circuit file "dc-bias.cir" 
** WARNING: THIS AUTOMATICALLY GENERATED FILE MAY BE OVERWRITTEN BY SUBSEQUENT SIMULATIONS

*Libraries: 
* Profile Libraries :
* Local Libraries :
* From [PSPICE NETLIST] section of C:\cds_spb_home\cdssetup\OrCAD_PSpiceTIPSpice_Install\23.1.0\PSpice.ini file:
.lib "nom_pspti.lib" 
.lib "nom.lib" 

*Analysis directives: 
.OPTIONS ADVCONV
.OPTIONS FILEMODELSEARCH
.PROBE64 V(alias(*)) I(alias(*)) W(alias(*)) D(alias(*)) NOISE(alias(*)) 
.INC "..\SCHEMATIC1.net" 



**** INCLUDING SCHEMATIC1.net ****
* source OUTPUT-BUFFER
X_U1         N00721 N00725 VCC 0 N00725 TL07XH_TL08XH
V_VCC         VCC 0 9Vdc
V_VIN         VIN 0  AC 1
+SIN 0 500mV 440 0 0 0
R_R_VREF_TOP         N00534 VCC  47k TC=0,0 
R_R_VREF_BOTTOM         0 N00534  47k TC=0,0 
C_C_VREF_FILTER         0 N00534  10u  TC=0,0 
R_R_VREF_IN         N00534 N00721  1MEG TC=0,0 
C_C_OUT_COUPLING         N00725 N01303  4.7u  TC=0,0 
C_C_IN_COUPLING         N00721 N00958  2.2u  TC=0,0 
R_R_VIN_TOP         N00958 VIN  47k TC=0,0 
R_R_VIN_BOTTOM         0 N00958  47k TC=0,0 
R_R_OUT_BLEED         0 N01303  100k TC=0,0 
R_R_OUT         N01303 N02047  330 TC=0,0 
R_R_LOAD         0 N02047  10k TC=0,0 

**** RESUMING dc-bias.cir ****
.END

**** 02/22/26 17:38:13 **** PSpice 23.1.0 (30 January 2024) *** ID# 0 ********

 ** Profile: "SCHEMATIC1-dc-bias"  [ c:\users\colton koop\desktop\simulations\output-buffer\output-buffer-PSpiceFiles\SCHEMATIC1\dc-b


 ****     Diode MODEL PARAMETERS


******************************************************************************




               X_U1.Xe_n.DVN   
          IS  100.000000E-18 
          KF   10.000000E-12 


**** 02/22/26 17:38:13 **** PSpice 23.1.0 (30 January 2024) *** ID# 0 ********

 ** Profile: "SCHEMATIC1-dc-bias"  [ c:\users\colton koop\desktop\simulations\output-buffer\output-buffer-PSpiceFiles\SCHEMATIC1\dc-b


 ****     Resistor MODEL PARAMETERS


******************************************************************************




               X_U1.R_RES_1    X_U1.R_RES_2    X_U1.R_RES_3    X_U1.R_RES_4    
  T_Measured   27              27              27              27            
   T_Current -273.15         -273.15         -273.15         -273.15         
           R    1               1               1               1            


               X_U1.R_RES_5    X_U1.R_RES_6    X_U1.R_RES_7    X_U1.R_RES_8    
  T_Measured   27              27              27              27            
   T_Current -273.15         -273.15         -273.15         -273.15         
           R    1               1               1               1            


               X_U1.R_RES_9    X_U1.R_RES_10   X_U1.R_RES_11   X_U1.R_RES_12   
  T_Measured   27              27              27              27            
   T_Current -273.15         -273.15         -273.15         -273.15         
           R    1               1               1               1            


               X_U1.R_RES_13   X_U1.R_RES_14   X_U1.R_RES_15   X_U1.R_RES_16   
  T_Measured   27              27              27              27            
   T_Current -273.15         -273.15         -273.15         -273.15         
           R    1               1               1               1            


               X_U1.R_RES_17   X_U1.R_RES_18   X_U1.R_RES_19   X_U1.R_RES_20   
  T_Measured   27              27              27              27            
   T_Current -273.15         -273.15         -273.15         -273.15         
           R    1               1               1               1            


               X_U1.R_RES_21   X_U1.R_RES_22   X_U1.R_RES_23   X_U1.R_RES_24   
  T_Measured   27              27              27              27            
   T_Current -273.15         -273.15         -273.15         -273.15         
           R    1               1               1               1            


               X_U1.R_RES_25   X_U1.R_RES_26   X_U1.R_RES_27   X_U1.R_RES_28   
  T_Measured   27              27              27              27            
   T_Current -273.15         -273.15         -273.15         -273.15         
           R    1               1               1               1            


               X_U1.R_RES_29   X_U1.R_RES_30   X_U1.R_RES_31   X_U1.R_RES_32   
  T_Measured   27              27              27              27            
   T_Current -273.15         -273.15         -273.15         -273.15         
           R    1               1               1               1            


               X_U1.R_RES_33   X_U1.R_RES_34   X_U1.R_RES_35   X_U1.R_RES_36   
  T_Measured   27              27              27              27            
   T_Current -273.15         -273.15         -273.15         -273.15         
           R    1               1               1               1            


               X_U1.R_RES_37   X_U1.R_RES_38   X_U1.R_RES_39   X_U1.R_RES_40   
  T_Measured   27              27              27              27            
   T_Current -273.15         -273.15         -273.15         -273.15         
           R    1               1               1               1            


               X_U1.R_RES_41   X_U1.R_RES_42   X_U1.R_RES_43   X_U1.R_RES_44   
  T_Measured   27              27              27              27            
   T_Current -273.15         -273.15         -273.15         -273.15         
           R    1               1               1               1            


               X_U1.R_RES_45   X_U1.R_RES_46   X_U1.R_RES_47   X_U1.R_RES_48   
  T_Measured   27              27              27              27            
   T_Current -273.15         -273.15         -273.15         -273.15         
           R    1               1               1               1            


               X_U1.R_RES_49   X_U1.R_RES_50   X_U1.R_RES_51   X_U1.R_RES_52   
  T_Measured   27              27              27              27            
   T_Current -273.15         -273.15         -273.15         -273.15         
           R    1               1               1               1            


               X_U1.R_RES_53   X_U1.R_RES_54   X_U1.R_RES_55   X_U1.R_RES_56   
  T_Measured   27              27              27              27            
   T_Current -273.15         -273.15         -273.15         -273.15         
           R    1               1               1               1            


               X_U1.R_RES_57   X_U1.R_RES_58   X_U1.R_RES_59   X_U1.R_RES_60   
  T_Measured   27              27              27              27            
   T_Current -273.15         -273.15         -273.15         -273.15         
           R    1               1               1               1            


               X_U1.R_RES_61   X_U1.R_RES_62   X_U1.R_RES_63   X_U1.R_RES_64   
  T_Measured   27              27              27              27            
   T_Current -273.15         -273.15         -273.15         -273.15         
           R    1               1               1               1            


               X_U1.R_RES_65   X_U1.R_RES_66   X_U1.R_RES_67   X_U1.R_RES_68   
  T_Measured   27              27              27              27            
   T_Current -273.15         -273.15         -273.15         -273.15         
           R    1               1               1               1            


               X_U1.R_RES_69   X_U1.R_RES_70   X_U1.R_RES_71   X_U1.R_RES_72   
  T_Measured   27              27              27              27            
   T_Current -273.15         -273.15         -273.15         -273.15         
           R    1               1               1               1            


               X_U1.R_RES_73   X_U1.R_RES_74   X_U1.R_RES_75   X_U1.R_RES_76   
  T_Measured   27              27              27              27            
   T_Current -273.15         -273.15         -273.15         -273.15         
           R    1               1               1               1            


               X_U1.R_RES_77   X_U1.R_RES_78   X_U1.R_RES_79   X_U1.R_RES_80   
  T_Measured   27              27              27              27            
   T_Current -273.15         -273.15         -273.15         -273.15         
           R    1               1               1               1            


               X_U1.R_RES_81   X_U1.R_RES_82   X_U1.R_RES_83   X_U1.R_RES_84   
  T_Measured   27              27              27              27            
   T_Current -273.15         -273.15         -273.15         -273.15         
           R    1               1               1               1            


               X_U1.R_RES_85   X_U1.R_RES_86   X_U1.R_RES_87   
  T_Measured   27              27              27            
   T_Current -273.15         -273.15         -273.15         
           R    1               1               1            


**** 02/22/26 17:38:13 **** PSpice 23.1.0 (30 January 2024) *** ID# 0 ********

 ** Profile: "SCHEMATIC1-dc-bias"  [ c:\users\colton koop\desktop\simulations\output-buffer\output-buffer-PSpiceFiles\SCHEMATIC1\dc-b


 ****     Voltage Controlled Switch MODEL PARAMETERS


******************************************************************************




               X_U1.S_VSWITCH_1 
         RON  100            
        ROFF    1.000000E+12 
         VON    1            
        VOFF     .1          


               X_U1.S_VSWITCH_2 
         RON  100            
        ROFF    1.000000E+12 
         VON    1            
        VOFF     .1          


               X_U1.S_VSWITCH_3 
         RON   50            
        ROFF    1.000000E+12 
         VON     .5          
        VOFF     .1          


               X_U1.S_VSWITCH_4 
         RON   50            
        ROFF    1.000000E+12 
         VON     .5          
        VOFF     .1          


               X_U1.S_VSWITCH_5 
         RON     .01         
        ROFF    1.000000E+09 
         VON     .01         
        VOFF    0            


               X_U1.S_VSWITCH_6 
         RON     .01         
        ROFF    1.000000E+09 
         VON     .01         
        VOFF    0            


               X_U1.S_VSWITCH_7 
         RON    1.000000E-03 
        ROFF    1.000000E+09 
         VON     .9          
        VOFF     .8          


               X_U1.S_VSWITCH_8 
         RON   50            
        ROFF    1.000000E+12 
         VON     .5          
        VOFF     .45         


               X_U1.S_VSWITCH_9 
         RON   50            
        ROFF    1.000000E+12 
         VON     .5          
        VOFF     .45         


**** 02/22/26 17:38:13 **** PSpice 23.1.0 (30 January 2024) *** ID# 0 ********

 ** Profile: "SCHEMATIC1-dc-bias"  [ c:\users\colton koop\desktop\simulations\output-buffer\output-buffer-PSpiceFiles\SCHEMATIC1\dc-b


 ****     SMALL SIGNAL BIAS SOLUTION       TEMPERATURE =   27.000 DEG C


******************************************************************************



 NODE   VOLTAGE     NODE   VOLTAGE     NODE   VOLTAGE     NODE   VOLTAGE


(  VCC)    9.0000  (  VIN)    0.0000  (N00534)    4.5000 (N00721)    4.5000     

(N00725)    4.4905 (N00958)    0.0000 (N01303)    0.0000 (N02047)    0.0000     

(X_U1.21)    4.4476                   (X_U1.22)    3.9232                       

(X_U1.23)    4.4480                   (X_U1.24)    4.4480                       

(X_U1.25)    4.4480                   (X_U1.26)    4.4783                       

(X_U1.27)    4.5000                   (X_U1.28)    4.4874                       

(X_U1.29)    4.4874                   (X_U1.30)    4.5000                       

(X_U1.31)    4.4740                   (X_U1.32)    4.4892                       

(X_U1.33)    4.4892                   (X_U1.34)    4.4892                       

(X_U1.35)   71.5000                   (X_U1.36)  -62.5000                       

(X_U1.37)    4.4892                   (X_U1.38)    4.5000                       

(X_U1.39)    4.5000                   (X_U1.40)    4.5000                       

(X_U1.41)    4.5000                   (X_U1.42)    4.5015                       

(X_U1.43)    6.9219                   (X_U1.44)    4.4874                       

(X_U1.45)    4.5000                   (X_U1.46)    4.5000                       

(X_U1.47)    4.5000                   (X_U1.48)    4.5000                       

(X_U1.49)    4.5000                   (X_U1.50)   10.4890                       

(X_U1.51)   10.4890                   (X_U1.52)   -1.5108                       

(X_U1.53)   -1.5108                   (X_U1.54)    4.3951                       

(X_U1.55)    4.5000                   (X_U1.56)    4.4905                       

(X_U1.57)    4.4905                   (X_U1.58)    4.4879                       

(X_U1.59)    4.3872                   (X_U1.60)    4.4905                       

(X_U1.61)    4.4985                   (X_U1.62)    2.0781                       

(X_U1.63)   29.5000                   (X_U1.64)  -20.5000                       

(X_U1.65)    4.5000                   (X_U1.66)    4.5000                       

(X_U1.67)   10.4890                   (X_U1.68)   -1.5108                       

(X_U1.69)    4.5000                   (X_U1.70)    4.5000                       

(X_U1.71)    8.9900                   (X_U1.72)     .0100                       

(X_U1.73)    8.9900                   (X_U1.74)     .0100                       

(X_U1.75)    4.5000                   (X_U1.76)    4.5000                       

(X_U1.77)    4.5000                   (X_U1.78)    4.5000                       

(X_U1.79)    4.5000                   (X_U1.80)    4.5000                       

(X_U1.81)    4.4905                   (X_U1.82)    4.4892                       

(X_U1.83)    4.4905                   (X_U1.84)    1.0000                       

(X_U1.85)    9.3000                   (X_U1.86)    4.4905                       

(X_U1.87)    4.5000                   (X_U1.88) 4.508E-06                       

(X_U1.89)    9.0000                   (X_U1.90)    4.4874                       

(X_U1.MID)    4.5000                  (X_U1.ESDn)    4.4905                     

(X_U1.ESDp)    4.5000                 (X_U1.VCLP)    4.4892                     

(X_U1.CLAMP)    4.4892                (X_U1.SW_OL)    4.5000                    

(X_U1.VCC_B)    9.0000                (X_U1.VEE_B) 4.503E-06                    

(X_U1.VIMON)    4.5000                (X_U1.VOUT_S)    4.4905                   

(X_U1.VSENSE)    4.4892               (X_U1.Xe_n.3)    0.0000                   

(X_U1.Xe_n.4)    0.0000               (X_U1.Xe_n.5)    0.0000                   

(X_U1.Xe_n.6)    0.0000               (X_U1.Xe_n.7)     .8338                   

(X_U1.Xe_n.8)     .8338               (X_U1.VCC_CLP)    8.9900                  

(X_U1.VEE_CLP)     .0100              (X_U1.Xi_nn.3)    0.0000                  

(X_U1.Xi_nn.5)    0.0000              (X_U1.Xi_np.3)    0.0000                  

(X_U1.Xi_np.5)    0.0000              (X_U1.CL_CLAMP)    4.4892                 

(X_U1.CLAW_CLAMP)    4.4892           (X_U1.XVOS_VS_VCM.1)    4.4874        




    VOLTAGE SOURCE CURRENTS
    NAME         CURRENT

    V_VCC       -1.033E-03
    V_VIN        0.000E+00
    X_U1.V_GRp  -6.700E-08
    X_U1.V_GRn   6.700E-08
    X_U1.V_ISCp  -2.500E-08
    X_U1.V_ISCn   2.500E-08
    X_U1.V_ORn   0.000E+00
    X_U1.V11     6.006E-09
    X_U1.V_ORp   0.000E+00
    X_U1.V12    -6.006E-09
    X_U1.V4     -5.116E-13
    X_U1.VCM_MIN   3.500E-09
    X_U1.VCM_MAX  -4.800E-09

    TOTAL POWER DISSIPATION   9.31E-03  WATTS



          JOB CONCLUDED

**** 02/22/26 17:38:13 **** PSpice 23.1.0 (30 January 2024) *** ID# 0 ********

 ** Profile: "SCHEMATIC1-dc-bias"  [ c:\users\colton koop\desktop\simulations\output-buffer\output-buffer-PSpiceFiles\SCHEMATIC1\dc-b


 ****     JOB STATISTICS SUMMARY


******************************************************************************



  Total job time (using Solver 1)   =        2.16
